============================= test session starts =============================
platform win32 -- Python 3.12.11, pytest-8.4.2, pluggy-1.6.0
rootdir: D:\Project\Running\VideTrading\Vibex\backend
configfile: pyproject.toml
plugins: anyio-4.11.0, asyncio-1.2.0, mock-3.15.1
asyncio: mode=Mode.AUTO, debug=False, asyncio_default_fixture_loop_scope=None, asyncio_default_test_loop_scope=function
collected 1 item

tests\unit\test_decision_api_with_real_data.py F                         [100%]

================================== FAILURES ===================================
_ TestDecisionAPIWithRealData.test_decision_generation_with_real_market_data __
tests\unit\test_decision_api_with_real_data.py:205: in test_decision_generation_with_real_market_data
    assert response.status_code == 200
E   assert 403 == 200
E    +  where 403 = <Response [403 Forbidden]>.status_code
-------------------------- Captured stderr teardown ---------------------------
{"timestamp": "2025-11-06T10:29:08.612577Z", "level": "ERROR", "logger": "sqlalchemy.pool.impl.AsyncAdaptedQueuePool", "message": "Exception closing connection <AdaptedConnection <asyncpg.connection.Connection object at 0x00000218441468A0>>", "module": "base", "function": "_close_connection", "line": 376, "exception": "Traceback (most recent call last):\n  File \"D:\\Project\\Running\\VideTrading\\Vibex\\backend\\.venv\\Lib\\site-packages\\sqlalchemy\\pool\\base.py\", line 374, in _close_connection\n    self._dialect.do_close(connection)\n  File \"D:\\Project\\Running\\VideTrading\\Vibex\\backend\\.venv\\Lib\\site-packages\\sqlalchemy\\engine\\default.py\", line 720, in do_close\n    dbapi_connection.close()\n  File \"D:\\Project\\Running\\VideTrading\\Vibex\\backend\\.venv\\Lib\\site-packages\\sqlalchemy\\dialects\\postgresql\\asyncpg.py\", line 903, in close\n    self.await_(self._connection.close())\n  File \"D:\\Project\\Running\\VideTrading\\Vibex\\backend\\.venv\\Lib\\site-packages\\sqlalchemy\\util\\_concurrency_py3k.py\", line 132, in await_only\n    return current.parent.switch(awaitable)  # type: ignore[no-any-return,attr-defined] # noqa: E501\n           ^^^^^^^^^^^^^^^^^^^^^^^^^^^^^^^^\n  File \"D:\\Project\\Running\\VideTrading\\Vibex\\backend\\.venv\\Lib\\site-packages\\sqlalchemy\\util\\_concurrency_py3k.py\", line 196, in greenlet_spawn\n    value = await result\n            ^^^^^^^^^^^^\n  File \"D:\\Project\\Running\\VideTrading\\Vibex\\backend\\.venv\\Lib\\site-packages\\asyncpg\\connection.py\", line 1504, in close\n    await self._protocol.close(timeout)\n  File \"asyncpg\\\\protocol\\\\protocol.pyx\", line 640, in close\n  File \"asyncpg\\\\protocol\\\\coreproto.pyx\", line 1205, in asyncpg.protocol.protocol.CoreProtocol._terminate\n  File \"asyncpg\\\\protocol\\\\protocol.pyx\", line 967, in asyncpg.protocol.protocol.BaseProtocol._write\n  File \"C:\\Users\\erwin\\AppData\\Roaming\\uv\\python\\cpython-3.12.11-windows-x86_64-none\\Lib\\asyncio\\proactor_events.py\", line 366, in write\n    self._loop_writing(data=bytes(data))\n  File \"C:\\Users\\erwin\\AppData\\Roaming\\uv\\python\\cpython-3.12.11-windows-x86_64-none\\Lib\\asyncio\\proactor_events.py\", line 402, in _loop_writing\n    self._write_fut = self._loop._proactor.send(self._sock, data)\n                      ^^^^^^^^^^^^^^^^^^^^^^^^^\nAttributeError: 'NoneType' object has no attribute 'send'"}
---------------------------- Captured log teardown ----------------------------
ERROR    sqlalchemy.pool.impl.AsyncAdaptedQueuePool:base.py:376 Exception closing connection <AdaptedConnection <asyncpg.connection.Connection object at 0x00000218441468A0>>
Traceback (most recent call last):
  File "D:\Project\Running\VideTrading\Vibex\backend\.venv\Lib\site-packages\sqlalchemy\pool\base.py", line 374, in _close_connection
    self._dialect.do_close(connection)
  File "D:\Project\Running\VideTrading\Vibex\backend\.venv\Lib\site-packages\sqlalchemy\engine\default.py", line 720, in do_close
    dbapi_connection.close()
  File "D:\Project\Running\VideTrading\Vibex\backend\.venv\Lib\site-packages\sqlalchemy\dialects\postgresql\asyncpg.py", line 903, in close
    self.await_(self._connection.close())
  File "D:\Project\Running\VideTrading\Vibex\backend\.venv\Lib\site-packages\sqlalchemy\util\_concurrency_py3k.py", line 132, in await_only
    return current.parent.switch(awaitable)  # type: ignore[no-any-return,attr-defined] # noqa: E501
           ^^^^^^^^^^^^^^^^^^^^^^^^^^^^^^^^
  File "D:\Project\Running\VideTrading\Vibex\backend\.venv\Lib\site-packages\sqlalchemy\util\_concurrency_py3k.py", line 196, in greenlet_spawn
    value = await result
            ^^^^^^^^^^^^
  File "D:\Project\Running\VideTrading\Vibex\backend\.venv\Lib\site-packages\asyncpg\connection.py", line 1504, in close
    await self._protocol.close(timeout)
  File "asyncpg\\protocol\\protocol.pyx", line 640, in close
  File "asyncpg\\protocol\\coreproto.pyx", line 1205, in asyncpg.protocol.protocol.CoreProtocol._terminate
  File "asyncpg\\protocol\\protocol.pyx", line 967, in asyncpg.protocol.protocol.BaseProtocol._write
  File "C:\Users\erwin\AppData\Roaming\uv\python\cpython-3.12.11-windows-x86_64-none\Lib\asyncio\proactor_events.py", line 366, in write
    self._loop_writing(data=bytes(data))
  File "C:\Users\erwin\AppData\Roaming\uv\python\cpython-3.12.11-windows-x86_64-none\Lib\asyncio\proactor_events.py", line 402, in _loop_writing
    self._write_fut = self._loop._proactor.send(self._sock, data)
                      ^^^^^^^^^^^^^^^^^^^^^^^^^
AttributeError: 'NoneType' object has no attribute 'send'
=========================== short test summary info ===========================
FAILED tests/unit/test_decision_api_with_real_data.py::TestDecisionAPIWithRealData::test_decision_generation_with_real_market_data
============================== 1 failed in 0.31s ==============================
